type octile
height 49
width 49
map
TTTTTTTTTTTTTTTTTTTTTTTTTTTTTTTTTTTTTTTTTTTTTTTTT
TTTT..TTTT..TTTTTTTTTTT.E.TTTTTTTTT............TT
TTTT..TTTT..TTTTTT........TTTTTTTT.............TT
TTTT......................TT....................T
TTTT......................TT....................T
TTTTTTTTTTTTTT..T.........TT....................T
TTTTTTTTTTTTTT..T.........TT....................T
T...........TT..T.......TTTT....................T
T...........TT..T......TTTTT....................T
T...........TT..T......TTTTT....................T
T...........TT..T...............................T
T...........TT..T...............................T
T...........TT..................................T
T...........TTT.................................T
T...........TTTT................................T
TTT...........TTTTTTTTTTTTTTTTTTTTT............TT
TTT............TTTTTTTTTTTTTTTTTTTT............TT
TTT............TTTT............TTTT............TT
TT.............TTT.............TTT.............TT
TT.............TT...............................T
TT.............TT...............................T
TT.............TT...............................T
TT.............TT.............TTTTTTTTTTTTTTTTTTT
T..............TT.............TTTTTTTTTTTTTTTTTTT
T..............TT...........................TTTTT
T..............TT...............................T
TT.............TT...............................T
TTT.............................................T
TTT.............................................T
TTT.............................................T
T...............................................T
TTT............TTTT....T...TT..TTTT............TT
TTT............TTTT....T...TT..TTTT............TT
TTT............TTTT....T...TT..TTTT............TT
TT.............TTTTTTTTTTTTTTTTTTTT............TT
TT...............T................T.............T
TT...............T......M.........T.............T
TT...............T................T.............T
TT...............T................T.............T
TT...............T................T.............T
TT.....TT........TTTTTTT....TTTTTTT.............T
TT.....TT...T...............TT..................T
TT.....TT...TT..............TT..................T
TT.....TT...TTT.............TTTTTTTTTTTTTTTT....T
TT.....TT...TTT.............TT..................T
TT.....TT...TTT.............TT..................T
TT.....TT...TTT.....TTT...TTTTTTTTT...TTT.TT....T
TTT....TT...TTTTTTTTTTT...TTTTTTTTT...TTT.TT...TT
TTTTTTTTTTTTTTTTTTTTTTTTTTTTTTTTTTTTTTTTTTTTTTTTT